// Vitest Snapshot v1, https://vitest.dev/guide/snapshot.html

exports[`EpisodeDetail > should render successfully 1`] = `
<div>
  <div
    class="_container_b2c8c3"
  >
    <div
      class="_card_33fd63"
      data-testid="podcasts_bar"
    >
      <a
        class="_image-link_33fd63"
        data-discover="true"
        href="/podcast/1535809341"
      >
        <img
          alt=""
          class="_image_33fd63"
          src="https://is1-ssl.mzstatic.com/image/thumb/Podcasts113/v4/f2/21/fa/f221fabd-017f-5125-633b-f1fe4f39802a/mza_182995249085044287.jpg/55x55bb.png"
        />
      </a>
      <hr
        class="_line_33fd63"
      />
      <a
        data-discover="true"
        href="/podcast/1535809341"
      >
        <p
          class="_title_33fd63"
        >
          The Joe Budden Podcast
        </p>
      </a>
      <a
        data-discover="true"
        href="/podcast/1535809341"
      >
        <p
          class="_italic_33fd63"
        >
          by 
          The Joe Budden Network
        </p>
      </a>
      <hr
        class="_line_33fd63"
      />
      <p
        class="_title2_33fd63"
      >
        Description:
      </p>
      <p
        class="_italic_33fd63"
      >
        Tune into Joe Budden and his friends. Follow along the crazy adventures of these very random friends.
      </p>
    </div>
    <div
      class="_card_b2c8c3 _episode-container_b2c8c3"
    >
      <h1>
        <b>
          Episode 778 | "Bottom Of The 9th"
        </b>
      </h1>
      <p>
        <i
          data-testid="episode_content"
        />
      </p>
      <audio
        class="_audio_b2c8c3"
        controls=""
      >
        <source
          src="https://verifi.podscribe.com/rss/p/traffic.libsyn.com/secure/jbpod/Joe_Budden_Podcast_778.mp3?dest-id=2422538"
          type="audio/mp3"
        />
        Your browser does not support the audio element.
      </audio>
    </div>
  </div>
</div>
`;
