// Vitest Snapshot v1, https://vitest.dev/guide/snapshot.html

exports[`Podcasts > should render successfully 1`] = `
<div>
  <div
    class="_container_10e0b0"
  >
    <div
      class="_form_8aea71"
    >
      <p
        class="_number_8aea71"
        data-testid="num-podcasts"
      >
        2
      </p>
      <input
        class="_filter_8aea71"
        placeholder="Filter podcasts..."
        type="text"
        value=""
      />
    </div>
    <div
      class="_podcasts-grid_10e0b0"
    >
      <a
        aria-label="Ir al detalle del podcast"
        class="_card_bbe757"
        data-discover="true"
        data-testid="podcast-card"
        href="/podcast/1535809341"
      >
        <img
          alt="podcast logo"
          class="_image_bbe757"
          src="https://is1-ssl.mzstatic.com/image/thumb/Podcasts113/v4/f2/21/fa/f221fabd-017f-5125-633b-f1fe4f39802a/mza_182995249085044287.jpg/55x55bb.png"
        />
        <p
          class="_title_bbe757"
        >
          The Joe Budden Podcast
        </p>
        <p
          class="_artist_bbe757"
        >
          Author: 
          The Joe Budden Network
        </p>
      </a>
      <a
        aria-label="Ir al detalle del podcast"
        class="_card_bbe757"
        data-discover="true"
        data-testid="podcast-card"
        href="/podcast/1572182022"
      >
        <img
          alt="podcast logo"
          class="_image_bbe757"
          src="https://is1-ssl.mzstatic.com/image/thumb/Podcasts112/v4/31/80/56/3180562e-ac0b-f10e-7120-641b1c26e0f8/mza_10135383815267163613.jpg/55x55bb.png"
        />
        <p
          class="_title_bbe757"
        >
          New Rory & MAL
        </p>
        <p
          class="_artist_bbe757"
        >
          Author: 
          Rory Farrell & Jamil "Mal" Clay & Studio71
        </p>
      </a>
    </div>
  </div>
</div>
`;
